// Jest Snapshot v1, https://goo.gl/fbAQLP

exports[`<NotFound /> renders 1`] = `
<div>
  Sorry, that page was not found.
</div>
`;
